version: 0.1

projects:
  - path: apps/bar
    name: apps-bar-dev
    terraform_var_files:
      - ../envs/dev.tfvars
      - ../envs/shared.tfvars
    terraform_workspace: default
  - path: apps/bar
    name: apps-bar-prod
    terraform_var_files:
      - ../envs/prod.tfvars
      - ../envs/shared.tfvars
    terraform_workspace: default
  - path: apps/foo
    name: apps-foo-dev
    terraform_var_files:
      - ../envs/dev.tfvars
      - ../envs/shared.tfvars
    terraform_workspace: default
  - path: apps/foo
    name: apps-foo-prod
    terraform_var_files:
      - ../envs/prod.tfvars
      - ../envs/shared.tfvars
    terraform_workspace: default

